1:
-
SELECT
    *
FROM
    a
ORDER BY
    INDEX abc2@ba
        DESC,
    INDEX abc2@ba,
    PRIMARY KEY abc2
        DESC,
    "foo.bar"
        ASC

17:
-----------------
SELECT
    *
FROM
    a
ORDER BY
    INDEX abc2@ba
        DESC,
    INDEX abc2@ba,
    PRIMARY KEY abc2
        DESC,
    "foo.bar" ASC

23:
-----------------------
SELECT
    *
FROM
    a
ORDER BY
    INDEX abc2@ba DESC,
    INDEX abc2@ba,
    PRIMARY KEY abc2
        DESC,
    "foo.bar" ASC

26:
--------------------------
SELECT
    *
FROM
    a
ORDER BY
    INDEX abc2@ba DESC,
    INDEX abc2@ba,
    PRIMARY KEY abc2 DESC,
    "foo.bar" ASC

75:
---------------------------------------------------------------------------
SELECT
    *
FROM
    a
ORDER BY
    INDEX abc2@ba DESC, INDEX abc2@ba, PRIMARY KEY abc2 DESC, "foo.bar" ASC

96:
------------------------------------------------------------------------------------------------
SELECT * FROM a ORDER BY INDEX abc2@ba DESC, INDEX abc2@ba, PRIMARY KEY abc2 DESC, "foo.bar" ASC
